
> crossstone-app@0.1.0 build
> next build --turbopack

   Γû▓ Next.js 15.5.0 (Turbopack)
   - Environments: .env.local, .env

